00:14:43 **** Auto Build of configuration Debug for project AXI_DMA_PL_PS_TEST ****
make pre-build main-build 
a9-linaro-pre-build-step
' '
'Building file: ../src/main.c'
'Invoking: ARM v7 gcc compiler'
arm-none-eabi-gcc -Wall -O0 -g3 -c -fmessage-length=0 -MT"src/main.o" -mcpu=cortex-a9 -mfpu=vfpv3 -mfloat-abi=hard -I../../AXI_DMA_PL_PS_TEST_bsp/ps7_cortexa9_0/include -MMD -MP -MF"src/main.d" -MT"src/main.o" -o "src/main.o" "../src/main.c"
../src/main.c: In function 'axi_dma_test':
../src/main.c:98:32: warning: format '%d' expects argument of type 'int', but argument 3 has type 'u32 {aka volatile long unsigned int}' [-Wformat=]
    sprintf(string_display,"RX=%d",RX_success);
                                ^
../src/main.c:104:32: warning: format '%d' expects argument of type 'int', but argument 3 has type 'u32 {aka volatile long unsigned int}' [-Wformat=]
    sprintf(string_display,"TX=%d",TX_success);
                                ^
../src/main.c:124:2: warning: implicit declaration of function 'DMA_DisableIntrSystem' [-Wimplicit-function-declaration]
  DMA_DisableIntrSystem(&Intc, TX_INTR_ID, RX_INTR_ID);
  ^~~~~~~~~~~~~~~~~~~~~
../src/main.c: In function 'init_intr_sys':
../src/main.c:137:2: warning: implicit declaration of function 'Setup_Intr_Exception' [-Wimplicit-function-declaration]
  Setup_Intr_Exception(&Intc);
  ^~~~~~~~~~~~~~~~~~~~
../src/main.c:142:1: warning: control reaches end of non-void function [-Wreturn-type]
 }
 ^
'Finished building: ../src/main.c'
' '
'Building target: AXI_DMA_PL_PS_TEST.elf'
'Invoking: ARM v7 gcc linker'
arm-none-eabi-gcc -mcpu=cortex-a9 -mfpu=vfpv3 -mfloat-abi=hard -Wl,-build-id=none -specs=Xilinx.spec -Wl,-T -Wl,../src/lscript.ld -L../../AXI_DMA_PL_PS_TEST_bsp/ps7_cortexa9_0/lib -o "AXI_DMA_PL_PS_TEST.elf"  ./src/dma_intr.o ./src/main.o ./src/sys_intr.o ./src/timer_intr.o   -Wl,--start-group,-lxil,-lgcc,-lc,--end-group
'Finished building target: AXI_DMA_PL_PS_TEST.elf'
' '
'Invoking: ARM v7 Print Size'
arm-none-eabi-size AXI_DMA_PL_PS_TEST.elf  |tee "AXI_DMA_PL_PS_TEST.elf.size"
   text	   data	    bss	    dec	    hex	filename
  81896	   4252	  25312	 111460	  1b364	AXI_DMA_PL_PS_TEST.elf
'Finished building: AXI_DMA_PL_PS_TEST.elf.size'
' '

00:14:46 Build Finished (took 2s.904ms)

